// Jest Snapshot v1, https://goo.gl/fbAQLP

exports[`Stepper base tests should match default snapshot 1`] = `
<div
  className="cmc-stepper cmc-stepper--nav-left"
  style={
    Object {
      "height": "100%",
    }
  }
>
  <div
    className="cmc-stepper__nav-container"
  >
    <StepperSidebar
      activeStepIndex={0}
      allowNavigation={true}
      currentlyViewingStepIndex={0}
      lastItemDoneOnReach={false}
      minimizeNav={false}
      onClickPreviousStep={[Function]}
      onNavToggle={[Function]}
      onOrientationToggle={[Function]}
      orientation="left-side"
    >
      <StepperStage
        activeStepIndex={0}
        allowNavigation={true}
        onClickPreviousStep={[Function]}
        onWaypointEnter={[Function]}
        parentScrollContainer=""
        scrollTo={[Function]}
        shouldNavBarUpdateOnScroll={true}
        shouldShowStageTitle={false}
        stageType="current"
        stepIndex={0}
        subTitle=""
      />
      <StepperStage
        activeStepIndex={0}
        onClickPreviousStep={[Function]}
        onWaypointEnter={[Function]}
        parentScrollContainer=""
        scrollTo={[Function]}
        shouldNavBarUpdateOnScroll={true}
        shouldShowStageTitle={false}
        stageType="current"
        stepIndex={0}
        subTitle=""
      />
      <StepperStage
        activeStepIndex={0}
        allowNavigation={false}
        onClickPreviousStep={[Function]}
        onWaypointEnter={[Function]}
        parentScrollContainer=""
        scrollTo={[Function]}
        shouldNavBarUpdateOnScroll={true}
        shouldShowStageTitle={false}
        stageType="current"
        stepIndex={0}
        subTitle=""
      />
    </StepperSidebar>
  </div>
  <div
    className="cmc-stepper__content-container"
    id="00000000-0000-0000-0000-000000000000"
  >
    <StepperContent
      activeStepIndex={0}
      latestStepReachedIndex={0}
      onClickPreviousStep={[Function]}
      onWaypointEnter={[Function]}
      shouldNavBarUpdateOnScroll={true}
    >
      <StepperStage
        activeStepIndex={0}
        allowNavigation={true}
        key=".0"
        onClickPreviousStep={[Function]}
        onWaypointEnter={[Function]}
        parentScrollContainer="00000000-0000-0000-0000-000000000000"
        scrollTo={[Function]}
        shouldNavBarUpdateOnScroll={true}
        shouldShowStageTitle={false}
        stageType="current"
        stepIndex={0}
        subTitle=""
      />
      <StepperStage
        activeStepIndex={0}
        allowNavigation={true}
        key=".1"
        onClickPreviousStep={[Function]}
        onWaypointEnter={[Function]}
        parentScrollContainer="00000000-0000-0000-0000-000000000000"
        scrollTo={[Function]}
        shouldNavBarUpdateOnScroll={true}
        shouldShowStageTitle={false}
        stageType="current"
        stepIndex={0}
        subTitle=""
      />
      <StepperStage
        activeStepIndex={0}
        allowNavigation={true}
        key=".2"
        onClickPreviousStep={[Function]}
        onWaypointEnter={[Function]}
        parentScrollContainer="00000000-0000-0000-0000-000000000000"
        scrollTo={[Function]}
        shouldNavBarUpdateOnScroll={true}
        shouldShowStageTitle={false}
        stageType="current"
        stepIndex={0}
        subTitle=""
      />
    </StepperContent>
  </div>
  <div
    className="cmc-stepper__control-buttons-container"
  />
</div>
`;
